src/config/integrations.ts(63,23): error TS2339: Property 'enabled' does not exist on type '{ enabled: boolean; apiKey: string; portalId: string; } | { enabled: boolean; apiKey: string; } | { enabled: boolean; projectId: string; apiKey: string; } | { enabled: boolean; businessNumber: string; } | { ...; }'.
  Property 'enabled' does not exist on type '{ mixpanel: { enabled: boolean; token: string; }; googleAnalytics: { enabled: boolean; trackingId: string; }; }'.
src/context/AuthContext.tsx(165,17): error TS2345: Argument of type 'Partial<{ id: string; email: string; full_name: string | null; phone: string | null; avatar_url: string | null; company_name: string | null; company_logo: string | null; role: UserRole; ... 8 more ...; updated_at: string; }>' is not assignable to parameter of type 'never'.
src/hooks/useAuth.ts(72,71): error TS2769: No overload matches this call.
  Overload 1 of 2, '(values: never, options?: { count?: "exact" | "planned" | "estimated" | undefined; } | undefined): PostgrestFilterBuilder<{ PostgrestVersion: "12"; }, never, never, null, "profiles", never, "POST">', gave the following error.
    Argument of type '{ id: string; email: string; name: string; phone: string | undefined; role: string; language: string; }' is not assignable to parameter of type 'never'.
  Overload 2 of 2, '(values: never[], options?: { count?: "exact" | "planned" | "estimated" | undefined; defaultToNull?: boolean | undefined; } | undefined): PostgrestFilterBuilder<{ PostgrestVersion: "12"; }, never, never, null, "profiles", never, "POST">', gave the following error.
    Object literal may only specify known properties, and 'id' does not exist in type 'never[]'.
src/hooks/useAuth.ts(111,15): error TS2345: Argument of type 'Partial<{ id: string; email: string; full_name: string | null; phone: string | null; avatar_url: string | null; company_name: string | null; company_logo: string | null; role: UserRole; ... 8 more ...; updated_at: string; }>' is not assignable to parameter of type 'never'.
src/hooks/useProperties.ts(177,23): error TS2345: Argument of type '{ id: string; owner_id: string; title: string; title_en: string | null; description: string; description_en: string | null; type: PropertyType; status: PropertyStatus; ... 33 more ...; expires_at: string | null; }[]' is not assignable to parameter of type 'SetStateAction<Property[]>'.
  Type '{ id: string; owner_id: string; title: string; title_en: string | null; description: string; description_en: string | null; type: PropertyType; status: PropertyStatus; ... 33 more ...; expires_at: string | null; }[]' is not assignable to type 'Property[]'.
    Type '{ id: string; owner_id: string; title: string; title_en: string | null; description: string; description_en: string | null; type: PropertyType; status: PropertyStatus; ... 33 more ...; expires_at: string | null; }' is missing the following properties from type 'Property': titleEn, priceType, descriptionEn, featuresEn, and 5 more.
src/hooks/useProperties.ts(179,23): error TS2345: Argument of type '(prev: Property[]) => ({ id: string; owner_id: string; title: string; title_en: string | null; description: string; description_en: string | null; type: PropertyType; ... 34 more ...; expires_at: string | null; } | Property)[]' is not assignable to parameter of type 'SetStateAction<Property[]>'.
  Type '(prev: Property[]) => ({ id: string; owner_id: string; title: string; title_en: string | null; description: string; description_en: string | null; type: PropertyType; ... 34 more ...; expires_at: string | null; } | Property)[]' is not assignable to type '(prevState: Property[]) => Property[]'.
    Type '({ id: string; owner_id: string; title: string; title_en: string | null; description: string; description_en: string | null; type: PropertyType; status: PropertyStatus; ... 33 more ...; expires_at: string | null; } | Property)[]' is not assignable to type 'Property[]'.
      Type '{ id: string; owner_id: string; title: string; title_en: string | null; description: string; description_en: string | null; type: PropertyType; status: PropertyStatus; ... 33 more ...; expires_at: string | null; } | Property' is not assignable to type 'Property'.
        Type '{ id: string; owner_id: string; title: string; title_en: string | null; description: string; description_en: string | null; type: PropertyType; status: PropertyStatus; ... 33 more ...; expires_at: string | null; }' is missing the following properties from type 'Property': titleEn, priceType, descriptionEn, featuresEn, and 5 more.
src/hooks/useSavedProperties.ts(30,44): error TS2339: Property 'property_id' does not exist on type 'never'.
src/hooks/useSavedProperties.ts(31,51): error TS2339: Property 'properties' does not exist on type 'never'.
src/hooks/useSavedProperties.ts(77,14): error TS2769: No overload matches this call.
  Overload 1 of 2, '(values: never, options?: { count?: "exact" | "planned" | "estimated" | undefined; } | undefined): PostgrestFilterBuilder<{ PostgrestVersion: "12"; }, never, never, null, "saved_properties", never, "POST">', gave the following error.
    Argument of type '{ user_id: string; property_id: string; }' is not assignable to parameter of type 'never'.
  Overload 2 of 2, '(values: never[], options?: { count?: "exact" | "planned" | "estimated" | undefined; defaultToNull?: boolean | undefined; } | undefined): PostgrestFilterBuilder<{ PostgrestVersion: "12"; }, never, never, null, "saved_properties", never, "POST">', gave the following error.
    Object literal may only specify known properties, and 'user_id' does not exist in type 'never[]'.
src/navigation/index.tsx(158,9): error TS2322: Type 'FC<SearchScreenProps>' is not assignable to type 'ScreenComponentType<MainTabParamList, "Explore"> | undefined'.
  Type 'FunctionComponent<SearchScreenProps>' is not assignable to type 'FunctionComponent<{}>'.
    Property 'navigation' is missing in type '{}' but required in type 'SearchScreenProps'.
src/navigation/index.tsx(295,46): error TS2322: Type 'FC<AdminPropertiesScreenProps>' is not assignable to type 'ScreenComponentType<RootStackParamList, "AdminProperties"> | undefined'.
  Type 'FunctionComponent<AdminPropertiesScreenProps>' is not assignable to type 'FunctionComponent<{}>'.
    Property 'navigation' is missing in type '{}' but required in type 'AdminPropertiesScreenProps'.
src/screens/admin/AddPropertyScreen.tsx(130,59): error TS2769: No overload matches this call.
  Overload 1 of 2, '(values: never, options?: { count?: "exact" | "planned" | "estimated" | undefined; } | undefined): PostgrestFilterBuilder<{ PostgrestVersion: "12"; }, never, never, null, "properties", never, "POST">', gave the following error.
    Argument of type '{ owner_id: string; title: string; title_en: string; description: string; description_en: string; type: PropertyType; price_type: PriceType; price: number; address: string; ... 7 more ...; status: string; }' is not assignable to parameter of type 'never'.
  Overload 2 of 2, '(values: never[], options?: { count?: "exact" | "planned" | "estimated" | undefined; defaultToNull?: boolean | undefined; } | undefined): PostgrestFilterBuilder<{ PostgrestVersion: "12"; }, never, never, null, "properties", never, "POST">', gave the following error.
    Object literal may only specify known properties, and 'owner_id' does not exist in type 'never[]'.
src/screens/admin/AdminAgentsScreen.tsx(26,15): error TS2440: Import declaration conflicts with local declaration of 'Agent'.
src/screens/admin/AdminAgentsScreen.tsx(188,13): error TS2552: Cannot find name 'setAgents'. Did you mean 'agents'?
src/screens/admin/AdminAgentsScreen.tsx(188,23): error TS7006: Parameter 'prev' implicitly has an 'any' type.
src/screens/admin/AdminAgentsScreen.tsx(188,43): error TS7006: Parameter 'a' implicitly has an 'any' type.
src/screens/admin/AdminAgentsScreen.tsx(240,12): error TS2769: No overload matches this call.
  Overload 1 of 2, '(values: never, options?: { count?: "exact" | "planned" | "estimated" | undefined; } | undefined): PostgrestFilterBuilder<{ PostgrestVersion: "12"; }, never, never, null, "profiles", never, "POST">', gave the following error.
    Argument of type '{ id: string; email: string; full_name: string; phone: string; role: string; }' is not assignable to parameter of type 'never'.
  Overload 2 of 2, '(values: never[], options?: { count?: "exact" | "planned" | "estimated" | undefined; defaultToNull?: boolean | undefined; } | undefined): PostgrestFilterBuilder<{ PostgrestVersion: "12"; }, never, never, null, "profiles", never, "POST">', gave the following error.
    Object literal may only specify known properties, and 'id' does not exist in type 'never[]'.
src/screens/admin/AdminAgentsScreen.tsx(260,32): error TS2339: Property 'id' does not exist on type 'never'.
src/screens/admin/AdminAgentsScreen.tsx(261,11): error TS2322: Type 'string | null' is not assignable to type 'string | undefined'.
  Type 'null' is not assignable to type 'string | undefined'.
src/screens/admin/AdminAgentsScreen.tsx(262,11): error TS2322: Type 'string | null' is not assignable to type 'string | undefined'.
  Type 'null' is not assignable to type 'string | undefined'.
src/screens/admin/AdminAgentsScreen.tsx(263,11): error TS2322: Type 'null' is not assignable to type 'string | undefined'.
src/screens/admin/AdminAgentsScreen.tsx(299,10): error TS2769: No overload matches this call.
  Overload 1 of 2, '(values: never, options?: { onConflict?: string | undefined; ignoreDuplicates?: boolean | undefined; count?: "exact" | "planned" | "estimated" | undefined; } | undefined): PostgrestFilterBuilder<{ ...; }, ... 5 more ..., "POST">', gave the following error.
    Argument of type '{ id: string; email: string; full_name: string; phone: string; role: string; }' is not assignable to parameter of type 'never'.
  Overload 2 of 2, '(values: never[], options?: { onConflict?: string | undefined; ignoreDuplicates?: boolean | undefined; count?: "exact" | "planned" | "estimated" | undefined; defaultToNull?: boolean | undefined; } | undefined): PostgrestFilterBuilder<...>', gave the following error.
    Object literal may only specify known properties, and 'id' does not exist in type 'never[]'.
src/screens/admin/AdminAgentsScreen.tsx(314,9): error TS2322: Type 'string | null' is not assignable to type 'string | undefined'.
  Type 'null' is not assignable to type 'string | undefined'.
src/screens/admin/AdminAgentsScreen.tsx(315,9): error TS2322: Type 'string | null' is not assignable to type 'string | undefined'.
  Type 'null' is not assignable to type 'string | undefined'.
src/screens/admin/AdminAgentsScreen.tsx(316,9): error TS2322: Type 'null' is not assignable to type 'string | undefined'.
src/screens/admin/AdminAgentsScreen.tsx(540,46): error TS2322: Type 'import("C:/Users/mmcsa/Niumba/src/services/agentService").Agent' is not assignable to type 'Agent'.
  Types of property 'phone' are incompatible.
    Type 'string | null' is not assignable to type 'string'.
      Type 'null' is not assignable to type 'string'.
src/screens/admin/AdminAppointmentsScreen.tsx(21,15): error TS2440: Import declaration conflicts with local declaration of 'Appointment'.
src/screens/admin/AdminAppointmentsScreen.tsx(51,50): error TS2339: Property 'hasMore' does not exist on type '{ appointments: Appointment[]; loading: boolean; error: string | null; refresh: () => Promise<void>; }'.
src/screens/admin/AdminAppointmentsScreen.tsx(51,59): error TS2339: Property 'loadMore' does not exist on type '{ appointments: Appointment[]; loading: boolean; error: string | null; refresh: () => Promise<void>; }'.
src/screens/admin/AdminAppointmentsScreen.tsx(57,9): error TS2322: Type '{ id: string; propertyId: string; propertyTitle: any; clientName: any; clientPhone: any; clientEmail: any; agentName: any; date: string; time: string; visitType: "in_person" | "virtual"; status: "pending" | ... 3 more ... | "no_show"; message: string | undefined; createdAt: string; }[]' is not assignable to type 'Appointment[]'.
  Type '{ id: string; propertyId: string; propertyTitle: any; clientName: any; clientPhone: any; clientEmail: any; agentName: any; date: string; time: string; visitType: "in_person" | "virtual"; status: "pending" | ... 3 more ... | "no_show"; message: string | undefined; createdAt: string; }' is not assignable to type 'Appointment'.
    Types of property 'status' are incompatible.
      Type '"pending" | "confirmed" | "completed" | "cancelled" | "no_show"' is not assignable to type '"pending" | "confirmed" | "completed" | "cancelled"'.
        Type '"no_show"' is not assignable to type '"pending" | "confirmed" | "completed" | "cancelled"'.
src/screens/admin/AdminAppointmentsScreen.tsx(166,12): error TS7053: Element implicitly has an 'any' type because expression of type 'string' can't be used to index type '{ pending: string; confirmed: string; completed: string; cancelled: string; }'.
  No index signature with a parameter of type 'string' was found on type '{ pending: string; confirmed: string; completed: string; cancelled: string; }'.
src/screens/admin/AdminInquiriesScreen.tsx(31,38): error TS2339: Property 'loadInquiries' does not exist on type '{ inquiries: Inquiry[]; loading: boolean; error: string | null; respond: (inquiryId: string, response: string) => Promise<Inquiry | null>; updateStatus: (inquiryId: string, status: "new" | ... 2 more ... | "closed") => Promise<...>; remove: (inquiryId: string) => Promise<...>; refresh: (status?: string | undefined) ...'.
src/screens/admin/AdminPropertiesScreen.tsx(91,17): error TS2345: Argument of type '{ status: PropertyStatus; published_at: string | null; }' is not assignable to parameter of type 'never'.
src/screens/admin/EditPropertyScreen.tsx(19,10): error TS2305: Module '"../../constants/data"' has no exported member 'MOCK_PROPERTIES'.
src/screens/admin/EditPropertyScreen.tsx(57,49): error TS7006: Parameter 'p' implicitly has an 'any' type.
src/screens/admin/EditPropertyScreen.tsx(87,23): error TS2339: Property 'title' does not exist on type 'never'.
src/screens/admin/EditPropertyScreen.tsx(88,29): error TS2339: Property 'description' does not exist on type 'never'.
src/screens/admin/EditPropertyScreen.tsx(89,23): error TS2339: Property 'price' does not exist on type 'never'.
src/screens/admin/EditPropertyScreen.tsx(90,25): error TS2339: Property 'address' does not exist on type 'never'.
src/screens/admin/EditPropertyScreen.tsx(91,22): error TS2339: Property 'city' does not exist on type 'never'.
src/screens/admin/EditPropertyScreen.tsx(92,26): error TS2339: Property 'bedrooms' does not exist on type 'never'.
src/screens/admin/EditPropertyScreen.tsx(93,27): error TS2339: Property 'bathrooms' does not exist on type 'never'.
src/screens/admin/EditPropertyScreen.tsx(94,22): error TS2339: Property 'area' does not exist on type 'never'.
src/screens/admin/EditPropertyScreen.tsx(95,22): error TS2339: Property 'type' does not exist on type 'never'.
src/screens/admin/EditPropertyScreen.tsx(96,24): error TS2339: Property 'status' does not exist on type 'never'.
src/screens/admin/EditPropertyScreen.tsx(134,17): error TS2345: Argument of type '{ title: string; description: string; price: number; address: string; city: string; bedrooms: number | null; bathrooms: number | null; area: number | null; type: string; status: string; updated_at: string; }' is not assignable to parameter of type 'never'.
src/screens/ChatScreen.tsx(543,29): error TS2339: Property 'errorLight' does not exist on type '{ primary: string; primaryDark: string; primaryLight: string; secondary: string; secondaryLight: string; accent: string; accentLight: string; heart: string; heartLight: string; white: string; background: string; ... 14 more ...; mapCluster: string; }'.
src/screens/ComparePropertiesScreen.tsx(257,53): error TS2339: Property 'yearBuilt' does not exist on type 'Property'.
src/screens/ReviewsScreen.tsx(145,40): error TS2552: Cannot find name 'Review'. Did you mean 'View'?
src/screens/ReviewsScreen.tsx(616,29): error TS2339: Property 'errorLight' does not exist on type '{ primary: string; primaryDark: string; primaryLight: string; secondary: string; secondaryLight: string; accent: string; accentLight: string; heart: string; heartLight: string; white: string; background: string; ... 14 more ...; mapCluster: string; }'.
src/screens/VirtualTourScreen.tsx(183,47): error TS2339: Property '0' does not exist on type '{ id: string; x: number; y: number; targetRoomId?: string | undefined; label?: string | undefined; type: "info" | "navigation"; }[] | undefined'.
src/screens/VirtualTourScreen.tsx(218,9): error TS18047: 'currentRoom' is possibly 'null'.
src/screens/VirtualTourScreen.tsx(231,8): error TS18047: 'currentRoom' is possibly 'null'.
src/screens/VirtualTourScreen.tsx(395,14): error TS2304: Cannot find name 'tourRooms'.
src/screens/VirtualTourScreen.tsx(395,29): error TS7006: Parameter 'room' implicitly has an 'any' type.
src/screens/VirtualTourScreen.tsx(395,35): error TS7006: Parameter 'index' implicitly has an 'any' type.
src/screens/VirtualTourScreen.tsx(400,19): error TS18047: 'currentRoom' is possibly 'null'.
src/screens/VirtualTourScreen.tsx(406,19): error TS18047: 'currentRoom' is possibly 'null'.
src/screens/VirtualTourScreen.tsx(414,53): error TS18047: 'currentRoom' is possibly 'null'.
src/services/agentService.ts(142,16): error TS2339: Property 'user_id' does not exist on type 'never'.
src/services/agentService.ts(143,21): error TS2339: Property 'user_id' does not exist on type 'never'.
src/services/agentService.ts(144,23): error TS2339: Property 'profile' does not exist on type 'never'.
src/services/agentService.ts(145,19): error TS2339: Property 'profile' does not exist on type 'never'.
src/services/agentService.ts(146,19): error TS2339: Property 'profile' does not exist on type 'never'.
src/services/agentService.ts(147,24): error TS2339: Property 'profile' does not exist on type 'never'.
src/services/agentService.ts(149,28): error TS2339: Property 'license_number' does not exist on type 'never'.
src/services/agentService.ts(150,17): error TS2339: Property 'bio' does not exist on type 'never'.
src/services/agentService.ts(151,29): error TS2339: Property 'specializations' does not exist on type 'never'.
src/services/agentService.ts(152,21): error TS2339: Property 'service_areas' does not exist on type 'never'.
src/services/agentService.ts(153,23): error TS2339: Property 'is_active' does not exist on type 'never'.
src/services/agentService.ts(154,25): error TS2339: Property 'is_verified' does not exist on type 'never'.
src/services/agentService.ts(155,24): error TS2339: Property 'profile' does not exist on type 'never'.
src/services/agentService.ts(155,52): error TS2339: Property 'created_at' does not exist on type 'never'.
src/services/agentService.ts(156,24): error TS2339: Property 'updated_at' does not exist on type 'never'.
src/services/agentService.ts(197,44): error TS2339: Property 'rating' does not exist on type 'never'.
src/services/agentService.ts(234,8): error TS2769: No overload matches this call.
  Overload 1 of 2, '(values: never, options?: { onConflict?: string | undefined; ignoreDuplicates?: boolean | undefined; count?: "exact" | "planned" | "estimated" | undefined; } | undefined): PostgrestFilterBuilder<{ ...; }, ... 5 more ..., "POST">', gave the following error.
    Argument of type '{ user_id: string; license_number: string | null; bio: string | null; specializations: string[]; service_areas: string[]; is_active: boolean; is_verified: boolean; updated_at: string; }' is not assignable to parameter of type 'never'.
  Overload 2 of 2, '(values: never[], options?: { onConflict?: string | undefined; ignoreDuplicates?: boolean | undefined; count?: "exact" | "planned" | "estimated" | undefined; defaultToNull?: boolean | undefined; } | undefined): PostgrestFilterBuilder<...>', gave the following error.
    Object literal may only specify known properties, and 'user_id' does not exist in type 'never[]'.
src/services/agentService.ts(277,15): error TS2345: Argument of type '{ updated_at: string; is_active?: boolean; is_verified?: boolean; }' is not assignable to parameter of type 'never'.
src/services/analyticsService.ts(411,45): error TS2769: No overload matches this call.
  Overload 1 of 2, '(values: never, options?: { count?: "exact" | "planned" | "estimated" | undefined; } | undefined): PostgrestFilterBuilder<{ PostgrestVersion: "12"; }, never, never, null, "property_views", never, "POST">', gave the following error.
    Argument of type '{ property_id: string; user_id: string | null; }' is not assignable to parameter of type 'never'.
  Overload 2 of 2, '(values: never[], options?: { count?: "exact" | "planned" | "estimated" | undefined; defaultToNull?: boolean | undefined; } | undefined): PostgrestFilterBuilder<{ PostgrestVersion: "12"; }, never, never, null, "property_views", never, "POST">', gave the following error.
    Object literal may only specify known properties, and 'property_id' does not exist in type 'never[]'.
src/services/analyticsService.ts(417,54): error TS2345: Argument of type '{ property_uuid: string; }' is not assignable to parameter of type 'undefined'.
src/services/appointmentService.ts(74,8): error TS2769: No overload matches this call.
  Overload 1 of 2, '(values: never, options?: { count?: "exact" | "planned" | "estimated" | undefined; } | undefined): PostgrestFilterBuilder<{ PostgrestVersion: "12"; }, never, never, null, "appointments", never, "POST">', gave the following error.
    Argument of type '{ property_id: string; client_id: string; agent_id: string | null; appointment_date: string; appointment_time: string; appointment_type: "in_person" | "video_call" | "phone_call"; status: string; notes: string | null; client_notes: string | null; }' is not assignable to parameter of type 'never'.
  Overload 2 of 2, '(values: never[], options?: { count?: "exact" | "planned" | "estimated" | undefined; defaultToNull?: boolean | undefined; } | undefined): PostgrestFilterBuilder<{ PostgrestVersion: "12"; }, never, never, null, "appointments", never, "POST">', gave the following error.
    Object literal may only specify known properties, and 'property_id' does not exist in type 'never[]'.
src/services/appointmentService.ts(104,44): error TS2769: No overload matches this call.
  Overload 1 of 2, '(values: never, options?: { count?: "exact" | "planned" | "estimated" | undefined; } | undefined): PostgrestFilterBuilder<{ PostgrestVersion: "12"; }, never, never, null, "notifications", never, "POST">', gave the following error.
    Argument of type '{ user_id: any; type: string; title: string; message: string; data: { appointment_id: any; property_id: string; }; }' is not assignable to parameter of type 'never'.
  Overload 2 of 2, '(values: never[], options?: { count?: "exact" | "planned" | "estimated" | undefined; defaultToNull?: boolean | undefined; } | undefined): PostgrestFilterBuilder<{ PostgrestVersion: "12"; }, never, never, null, "notifications", never, "POST">', gave the following error.
    Object literal may only specify known properties, and 'user_id' does not exist in type 'never[]'.
src/services/appointmentService.ts(105,27): error TS2339: Property 'owner_id' does not exist on type 'never'.
src/services/appointmentService.ts(108,65): error TS2339: Property 'title' does not exist on type 'never'.
src/services/appointmentService.ts(110,32): error TS2339: Property 'id' does not exist on type 'never'.
src/services/appointmentService.ts(117,46): error TS2769: No overload matches this call.
  Overload 1 of 2, '(values: never, options?: { count?: "exact" | "planned" | "estimated" | undefined; } | undefined): PostgrestFilterBuilder<{ PostgrestVersion: "12"; }, never, never, null, "notifications", never, "POST">', gave the following error.
    Argument of type '{ user_id: string; type: string; title: string; message: string; data: { appointment_id: any; property_id: string; }; }' is not assignable to parameter of type 'never'.
  Overload 2 of 2, '(values: never[], options?: { count?: "exact" | "planned" | "estimated" | undefined; defaultToNull?: boolean | undefined; } | undefined): PostgrestFilterBuilder<{ PostgrestVersion: "12"; }, never, never, null, "notifications", never, "POST">', gave the following error.
    Object literal may only specify known properties, and 'user_id' does not exist in type 'never[]'.
src/services/appointmentService.ts(121,71): error TS2339: Property 'title' does not exist on type 'never'.
src/services/appointmentService.ts(123,34): error TS2339: Property 'id' does not exist on type 'never'.
src/services/appointmentService.ts(130,41): error TS2339: Property 'client' does not exist on type 'never'.
src/services/appointmentService.ts(130,56): error TS2339: Property 'property' does not exist on type 'never'.
src/services/appointmentService.ts(131,29): error TS2339: Property 'client' does not exist on type 'never'.
src/services/appointmentService.ts(132,35): error TS2339: Property 'property' does not exist on type 'never'.
src/services/appointmentService.ts(208,33): error TS2339: Property 'id' does not exist on type 'never'.
src/services/appointmentService.ts(217,52): error TS2339: Property 'id' does not exist on type 'never'.
src/services/appointmentService.ts(281,35): error TS2339: Property 'appointment_time' does not exist on type 'never'.
src/services/appointmentService.ts(330,19): error TS2339: Property 'client_id' does not exist on type 'never'.
src/services/appointmentService.ts(331,19): error TS2339: Property 'agent_id' does not exist on type 'never'.
src/services/appointmentService.ts(332,20): error TS2339: Property 'property' does not exist on type 'never'.
src/services/appointmentService.ts(340,15): error TS2345: Argument of type '{ status: "pending" | "confirmed" | "completed" | "cancelled" | "no_show"; }' is not assignable to parameter of type 'never'.
src/services/appointmentService.ts(354,19): error TS2339: Property 'client_id' does not exist on type 'never'.
src/services/appointmentService.ts(355,24): error TS2339: Property 'property' does not exist on type 'never'.
src/services/appointmentService.ts(355,66): error TS2339: Property 'agent_id' does not exist on type 'never'.
src/services/appointmentService.ts(356,23): error TS2339: Property 'client_id' does not exist on type 'never'.
src/services/appointmentService.ts(359,44): error TS2769: No overload matches this call.
  Overload 1 of 2, '(values: never, options?: { count?: "exact" | "planned" | "estimated" | undefined; } | undefined): PostgrestFilterBuilder<{ PostgrestVersion: "12"; }, never, never, null, "notifications", never, "POST">', gave the following error.
    Argument of type '{ user_id: any; type: string; title: string; message: string; data: { appointment_id: string; }; }' is not assignable to parameter of type 'never'.
  Overload 2 of 2, '(values: never[], options?: { count?: "exact" | "planned" | "estimated" | undefined; defaultToNull?: boolean | undefined; } | undefined): PostgrestFilterBuilder<{ PostgrestVersion: "12"; }, never, never, null, "notifications", never, "POST">', gave the following error.
    Object literal may only specify known properties, and 'user_id' does not exist in type 'never[]'.
src/services/appointmentService.ts(407,19): error TS2339: Property 'client_id' does not exist on type 'never'.
src/services/appointmentService.ts(408,19): error TS2339: Property 'agent_id' does not exist on type 'never'.
src/services/appointmentService.ts(409,20): error TS2339: Property 'property' does not exist on type 'never'.
src/services/appointmentService.ts(417,15): error TS2345: Argument of type '{ appointment_date?: string | undefined; appointment_time?: string | undefined; appointment_type?: "in_person" | "video_call" | "phone_call" | undefined; notes?: string | undefined; client_notes?: string | undefined; agent_id?: string | undefined; }' is not assignable to parameter of type 'never'.
src/services/appointmentService.ts(456,17): error TS2345: Argument of type '{ notes: string; }' is not assignable to parameter of type 'never'.
src/services/appointmentService.ts(486,20): error TS2339: Property 'property' does not exist on type 'never'.
src/services/chatService.ts(126,8): error TS2769: No overload matches this call.
  Overload 1 of 2, '(values: never, options?: { count?: "exact" | "planned" | "estimated" | undefined; } | undefined): PostgrestFilterBuilder<{ PostgrestVersion: "12"; }, never, never, null, "conversations", never, "POST">', gave the following error.
    Argument of type '{ participant_1: string; participant_2: string; property_id: string | null; }' is not assignable to parameter of type 'never'.
  Overload 2 of 2, '(values: never[], options?: { count?: "exact" | "planned" | "estimated" | undefined; defaultToNull?: boolean | undefined; } | undefined): PostgrestFilterBuilder<{ PostgrestVersion: "12"; }, never, never, null, "conversations", never, "POST">', gave the following error.
    Object literal may only specify known properties, and 'participant_1' does not exist in type 'never[]'.
src/services/chatService.ts(196,8): error TS2769: No overload matches this call.
  Overload 1 of 2, '(values: never, options?: { count?: "exact" | "planned" | "estimated" | undefined; } | undefined): PostgrestFilterBuilder<{ PostgrestVersion: "12"; }, never, never, null, "messages", never, "POST">', gave the following error.
    Argument of type '{ conversation_id: string; sender_id: string; content: string; attachment_type: "image" | "location" | "file" | null; attachment_url: string | null; status: string; }' is not assignable to parameter of type 'never'.
  Overload 2 of 2, '(values: never[], options?: { count?: "exact" | "planned" | "estimated" | undefined; defaultToNull?: boolean | undefined; } | undefined): PostgrestFilterBuilder<{ PostgrestVersion: "12"; }, never, never, null, "messages", never, "POST">', gave the following error.
    Object literal may only specify known properties, and 'conversation_id' does not exist in type 'never[]'.
src/services/chatService.ts(215,15): error TS2345: Argument of type '{ last_message_at: any; last_message_preview: string; }' is not assignable to parameter of type 'never'.
src/services/chatService.ts(216,31): error TS2339: Property 'created_at' does not exist on type 'never'.
src/services/chatService.ts(241,15): error TS2345: Argument of type '{ status: string; read_at: string; }' is not assignable to parameter of type 'never'.
src/services/chatService.ts(324,33): error TS2339: Property 'id' does not exist on type '{} | { [key: string]: any; }'.
  Property 'id' does not exist on type '{}'.
src/services/hubspotService.ts(24,18): error TS2540: Cannot assign to 'apiKey' because it is a read-only property.
src/services/hubspotService.ts(25,18): error TS2540: Cannot assign to 'portalId' because it is a read-only property.
src/services/imageOptimizationService.ts(4,35): error TS2307: Cannot find module 'expo-image-manipulator' or its corresponding type declarations.
src/services/imageOptimizationService.ts(5,29): error TS2307: Cannot find module 'expo-file-system' or its corresponding type declarations.
src/services/index.ts(40,3): error TS2300: Duplicate identifier 'getUserAppointments'.
src/services/index.ts(41,3): error TS2300: Duplicate identifier 'getAvailableSlots'.
src/services/index.ts(135,3): error TS2300: Duplicate identifier 'getUserAppointments'.
src/services/index.ts(136,3): error TS2300: Duplicate identifier 'getAvailableSlots'.
src/services/inquiryService.ts(65,8): error TS2769: No overload matches this call.
